<html>
<body>
<pre>
<h1>礦ision Build Log</h1>
<h2>Tool Versions:</h2>
IDE-Version: μVision V5.14.0.0
Copyright (C) 2015 ARM Ltd and ARM Germany GmbH. All rights reserved.
License Information: Jake Fish, GDUT, LIC=EPPFW-QSN65-ZDCK6-D3FM4-6EJBX-XFHU8
 
Tool Versions:
Toolchain:       MDK-ARM Professional  Version: 5.14.0.0
Toolchain Path:  C:\Keil_v5\ARM\ARMCC\Bin
C Compiler:      Armcc.exe V5.05 update 1 (build 106)
Assembler:       Armasm.exe V5.05 update 1 (build 106)
Linker/Locator:  ArmLink.exe V5.05 update 1 (build 106)
Library Manager: ArmAr.exe V5.05 update 1 (build 106)
Hex Converter:   FromElf.exe V5.05 update 1 (build 106)
CPU DLL:         SARMCM3.DLL V5.14.0.0
Dialog DLL:      DARMSTM.DLL V1.65.0.0
Target DLL:      STLink\ST-LINKIII-KEIL_SWO.dll V2.0.14.0_KEIL
Dialog DLL:      TARMSTM.DLL V1.64.0.0
 
<h2>Project:</h2>
D:\WorkFile\单片机比赛\STM32代码\滚球系统\USER\CAMERA.uvprojx
Project File Date:  05/13/2019

<h2>Output:</h2>
Build target 'CAMERA'
compiling main.c...
..\Arithmetic\GlobalDefine.h(52): warning:  #1-D: last line of file ends without a newline
  #endif
..\Arithmetic\circle.h(10): warning:  #1-D: last line of file ends without a newline
  #endif
..\HARDWARE\OLED\oled.h(64): warning:  #1295-D: Deprecated declaration camera_show - give arg types
  void camera_show();
..\HARDWARE\INIT\init.h(5): warning:  #1295-D: Deprecated declaration Init_all - give arg types
  void Init_all();
..\HARDWARE\INIT\init.h(6): warning:  #1-D: last line of file ends without a newline
  #endif
main.c: 5 warnings, 0 errors
linking...
Program Size: Code=9636 RO-data=492 RW-data=104 ZI-data=63456  
FromELF: creating hex file...
"..\OBJ\CAMERA.axf" - 0 Error(s), 5 Warning(s).

<h2>Collection of Component include folders:</h2>
  D:\WorkFile\单片机比赛\STM32代码\滚球系统\USER\RTE
  C:\Keil_v5\ARM\PACK\Keil\STM32F1xx_DFP\1.0.5\Device\Include

<h2>Collection of Component Files used:</h2>
</pre>
</body>
</html>
