<html>
<body>
<pre>
<h1>礦ision Build Log</h1>
<h2>Tool Versions:</h2>
IDE-Version: μVision V5.14.0.0
Copyright (C) 2015 ARM Ltd and ARM Germany GmbH. All rights reserved.
License Information: Jake Fish, GDUT, LIC=EPPFW-QSN65-ZDCK6-D3FM4-6EJBX-XFHU8
 
Tool Versions:
Toolchain:       MDK-ARM Professional  Version: 5.14.0.0
Toolchain Path:  C:\Keil_v5\ARM\ARMCC\Bin
C Compiler:      Armcc.exe V5.05 update 1 (build 106)
Assembler:       Armasm.exe V5.05 update 1 (build 106)
Linker/Locator:  ArmLink.exe V5.05 update 1 (build 106)
Library Manager: ArmAr.exe V5.05 update 1 (build 106)
Hex Converter:   FromElf.exe V5.05 update 1 (build 106)
CPU DLL:         SARMCM3.DLL V5.14.0.0
Dialog DLL:      DARMSTM.DLL V1.65.0.0
Target DLL:      STLink\ST-LINKIII-KEIL_SWO.dll V2.0.14.0_KEIL
Dialog DLL:      TARMSTM.DLL V1.64.0.0
 
<h2>Project:</h2>
D:\WorkFile\单片机比赛\STM32代码\（库函数版本，适合战舰STM32F1开发板）实验42 照相机实验\USER\CAMERA.uvprojx
Project File Date:  05/13/2019

<h2>Output:</h2>
Build target 'CAMERA'
compiling main.c...
..\Arithmetic\GlobalDefine.h(46): warning:  #1-D: last line of file ends without a newline
  #endif
..\Arithmetic\circle.h(10): warning:  #1-D: last line of file ends without a newline
  #endif
main.c(542): warning:  #177-D: variable "color" was declared but never referenced
        u16 color;       
main.c(575): warning:  #550-D: variable "sensor" was set but never used
        u8 sensor=0;
main.c(576): warning:  #177-D: variable "res" was declared but never referenced
        u8 res;                                                  
main.c(578): warning:  #177-D: variable "key" was declared but never referenced
        u8 key;                                 //键值             
main.c(579): warning:  #177-D: variable "i" was declared but never referenced
        u8 i;                                            
main.c: 7 warnings, 0 errors
linking...
Program Size: Code=9364 RO-data=468 RW-data=96 ZI-data=63448  
FromELF: creating hex file...
"..\OBJ\CAMERA.axf" - 0 Error(s), 7 Warning(s).

<h2>Collection of Component include folders:</h2>
  D:\WorkFile\单片机比赛\STM32代码\（库函数版本，适合战舰STM32F1开发板）实验42 照相机实验\USER\RTE
  C:\Keil_v5\ARM\PACK\Keil\STM32F1xx_DFP\1.0.5\Device\Include

<h2>Collection of Component Files used:</h2>
</pre>
</body>
</html>
